{"synthetic": false,
 "schemaVersion": "2025-09-10",
 "outputs":
 {"o": ["0c56cf03f09de152.olean"],
  "m": false,
  "i": "d616f386cfb6e90b.ilean",
  "c": "cd8f564ffbaf2d65.c"},
 "log":
 [{"message":
   ".> LEAN_PATH=/home/jeannaude/Documents/erdosproblems/634/erdos634/.lake/packages/Cli/.lake/build/lib/lean:/home/jeannaude/Documents/erdosproblems/634/erdos634/.lake/packages/batteries/.lake/build/lib/lean:/home/jeannaude/Documents/erdosproblems/634/erdos634/.lake/packages/Qq/.lake/build/lib/lean:/home/jeannaude/Documents/erdosproblems/634/erdos634/.lake/packages/aesop/.lake/build/lib/lean:/home/jeannaude/Documents/erdosproblems/634/erdos634/.lake/packages/proofwidgets/.lake/build/lib/lean:/home/jeannaude/Documents/erdosproblems/634/erdos634/.lake/packages/importGraph/.lake/build/lib/lean:/home/jeannaude/Documents/erdosproblems/634/erdos634/.lake/packages/LeanSearchClient/.lake/build/lib/lean:/home/jeannaude/Documents/erdosproblems/634/erdos634/.lake/packages/plausible/.lake/build/lib/lean:/home/jeannaude/Documents/erdosproblems/634/erdos634/.lake/packages/mathlib/.lake/build/lib/lean:/home/jeannaude/Documents/erdosproblems/lean/.lake/build/lib/lean /home/jeannaude/.elan/toolchains/leanprover--lean4---v4.31.0/bin/lean /home/jeannaude/Documents/erdosproblems/lean/Erdos/Basic.lean -o /home/jeannaude/Documents/erdosproblems/lean/.lake/build/lib/lean/Erdos/Basic.olean -i /home/jeannaude/Documents/erdosproblems/lean/.lake/build/lib/lean/Erdos/Basic.ilean -c /home/jeannaude/Documents/erdosproblems/lean/.lake/build/ir/Erdos/Basic.c --setup /home/jeannaude/Documents/erdosproblems/lean/.lake/build/ir/Erdos/Basic.setup.json --json",
   "level": "trace"}],
 "inputs":
 [["Erdos.Basic:deps",
   [["deps",
     [["erdos/Erdos:extraDep", [["@erdos:extraDep", "00000000000006bb"]]],
      ["imports",
       [["Mathlib transitive imports (legacy)", "41d2570f76c2764a"],
        ["Mathlib:importAllArts", "bbb4e5729d155599"]]]]],
    ["libs",
     [["import dynlibs", "00000000000006bb"],
      ["package external libraries", "00000000000006bb"],
      ["module dynlibs", "00000000000006bb"],
      ["module plugins", "00000000000006bb"]]]]],
  ["Lean 4.31.0, commit 68218e876d2a38b1985b8590fff244a83c321783",
   "fc45ac412f28501c"],
  ["/home/jeannaude/Documents/erdosproblems/lean/Erdos/Basic.lean",
   "5ab78a4d4a3638b0"],
  ["options",
   [["-DmaxSynthPendingDepth=3", "c78e353d34de85d4"],
    ["-Dweak.linter.mathlibStandardSet=false", "28605bbdbbe35f32"],
    ["-DrelaxedAutoImplicit=false", "74a2b5546b55be80"],
    ["-Dpp.unicode.fun=true", "9b94070140457fab"]]],
  ["isModule: false", "feefd2a0d3a1847e"],
  ["Module.name: Erdos.Basic", "00340029d49f29a2"],
  ["Package.id?: (some erdos)", "4e8d1e6363f83ee8"],
  ["Module.leanArgs: #[]", "00000000000006bb"]],
 "depHash": "f2042acfba8cae46"}