{"synthetic": false,
 "schemaVersion": "2025-09-10",
 "outputs":
 {"o": ["564fea5234acc696.olean"],
  "m": false,
  "i": "d81d851fe3556db8.ilean",
  "c": "e349c551aca5a1eb.c"},
 "log":
 [{"message":
   ".> LEAN_PATH=/home/jeannaude/Documents/erdosproblems/634/erdos634/.lake/packages/Cli/.lake/build/lib/lean:/home/jeannaude/Documents/erdosproblems/634/erdos634/.lake/packages/batteries/.lake/build/lib/lean:/home/jeannaude/Documents/erdosproblems/634/erdos634/.lake/packages/Qq/.lake/build/lib/lean:/home/jeannaude/Documents/erdosproblems/634/erdos634/.lake/packages/aesop/.lake/build/lib/lean:/home/jeannaude/Documents/erdosproblems/634/erdos634/.lake/packages/proofwidgets/.lake/build/lib/lean:/home/jeannaude/Documents/erdosproblems/634/erdos634/.lake/packages/importGraph/.lake/build/lib/lean:/home/jeannaude/Documents/erdosproblems/634/erdos634/.lake/packages/LeanSearchClient/.lake/build/lib/lean:/home/jeannaude/Documents/erdosproblems/634/erdos634/.lake/packages/plausible/.lake/build/lib/lean:/home/jeannaude/Documents/erdosproblems/634/erdos634/.lake/packages/mathlib/.lake/build/lib/lean:/home/jeannaude/Documents/erdosproblems/lean/.lake/build/lib/lean /home/jeannaude/.elan/toolchains/leanprover--lean4---v4.31.0/bin/lean /home/jeannaude/Documents/erdosproblems/lean/Erdos/Erdos250.lean -o /home/jeannaude/Documents/erdosproblems/lean/.lake/build/lib/lean/Erdos/Erdos250.olean -i /home/jeannaude/Documents/erdosproblems/lean/.lake/build/lib/lean/Erdos/Erdos250.ilean -c /home/jeannaude/Documents/erdosproblems/lean/.lake/build/ir/Erdos/Erdos250.c --setup /home/jeannaude/Documents/erdosproblems/lean/.lake/build/ir/Erdos/Erdos250.setup.json --json",
   "level": "trace"},
  {"message": "Erdos/Erdos250.lean:36:8: declaration uses `sorry`",
   "level": "warning"},
  {"message":
   "Erdos/Erdos250.lean:63:40: Variable name `hp` is not explicitly referenced.\n\nThe binding can be removed (if unused) or named `_` (if used implicitly).\n\nNote: This linter can be disabled with `set_option linter.unusedVariables false`",
   "level": "warning"}],
 "inputs":
 [["Erdos.Erdos250:deps",
   [["deps",
     [["erdos/Erdos:extraDep", [["@erdos:extraDep", "00000000000006bb"]]],
      ["imports",
       [["Erdos.Basic transitive imports (legacy)", "5b786c59c8c8a49f"],
        ["Erdos.Basic:importAllArts", "9501a457de8fd65b"]]]]],
    ["libs",
     [["import dynlibs", "00000000000006bb"],
      ["package external libraries", "00000000000006bb"],
      ["module dynlibs", "00000000000006bb"],
      ["module plugins", "00000000000006bb"]]]]],
  ["Lean 4.31.0, commit 68218e876d2a38b1985b8590fff244a83c321783",
   "fc45ac412f28501c"],
  ["/home/jeannaude/Documents/erdosproblems/lean/Erdos/Erdos250.lean",
   "021a28fd5c76daa0"],
  ["options",
   [["-DmaxSynthPendingDepth=3", "c78e353d34de85d4"],
    ["-Dweak.linter.mathlibStandardSet=false", "28605bbdbbe35f32"],
    ["-DrelaxedAutoImplicit=false", "74a2b5546b55be80"],
    ["-Dpp.unicode.fun=true", "9b94070140457fab"]]],
  ["isModule: false", "feefd2a0d3a1847e"],
  ["Module.name: Erdos.Erdos250", "dfc5160afb9f813b"],
  ["Package.id?: (some erdos)", "4e8d1e6363f83ee8"],
  ["Module.leanArgs: #[]", "00000000000006bb"]],
 "depHash": "7376e67aad28ce60"}