{"synthetic": false,
 "schemaVersion": "2025-09-10",
 "outputs":
 {"o": ["746668fd550614f3.olean"],
  "m": false,
  "i": "7f57428a61781864.ilean",
  "c": "0df8e3fcc525086c.c"},
 "log":
 [{"message":
   ".> LEAN_PATH=/home/jeannaude/Documents/erdosproblems/634/erdos634/.lake/packages/Cli/.lake/build/lib/lean:/home/jeannaude/Documents/erdosproblems/634/erdos634/.lake/packages/batteries/.lake/build/lib/lean:/home/jeannaude/Documents/erdosproblems/634/erdos634/.lake/packages/Qq/.lake/build/lib/lean:/home/jeannaude/Documents/erdosproblems/634/erdos634/.lake/packages/aesop/.lake/build/lib/lean:/home/jeannaude/Documents/erdosproblems/634/erdos634/.lake/packages/proofwidgets/.lake/build/lib/lean:/home/jeannaude/Documents/erdosproblems/634/erdos634/.lake/packages/importGraph/.lake/build/lib/lean:/home/jeannaude/Documents/erdosproblems/634/erdos634/.lake/packages/LeanSearchClient/.lake/build/lib/lean:/home/jeannaude/Documents/erdosproblems/634/erdos634/.lake/packages/plausible/.lake/build/lib/lean:/home/jeannaude/Documents/erdosproblems/634/erdos634/.lake/packages/mathlib/.lake/build/lib/lean:/home/jeannaude/Documents/erdosproblems/lean/.lake/build/lib/lean /home/jeannaude/.elan/toolchains/leanprover--lean4---v4.31.0/bin/lean /home/jeannaude/Documents/erdosproblems/lean/Erdos/Erdos213.lean -o /home/jeannaude/Documents/erdosproblems/lean/.lake/build/lib/lean/Erdos/Erdos213.olean -i /home/jeannaude/Documents/erdosproblems/lean/.lake/build/lib/lean/Erdos/Erdos213.ilean -c /home/jeannaude/Documents/erdosproblems/lean/.lake/build/ir/Erdos/Erdos213.c --setup /home/jeannaude/Documents/erdosproblems/lean/.lake/build/ir/Erdos/Erdos213.setup.json --json",
   "level": "trace"},
  {"message":
   "Erdos/Erdos213.lean:45:8: This simp argument is unused:\n  Finset.sum_range_succ\n\nHint: Omit it from the simp argument list.\n  simp ̵[̵F̵i̵n̵s̵e̵t̵.̵s̵u̵m̵_̵r̵a̵n̵g̵e̵_̵s̵u̵c̵c̵]̵\n\nNote: This linter can be disabled with `set_option linter.unusedSimpArgs false`",
   "level": "warning"},
  {"message": "Erdos/Erdos213.lean:56:8: declaration uses `sorry`",
   "level": "warning"},
  {"message": "Erdos/Erdos213.lean:66:8: declaration uses `sorry`",
   "level": "warning"}],
 "inputs":
 [["Erdos.Erdos213:deps",
   [["deps",
     [["erdos/Erdos:extraDep", [["@erdos:extraDep", "00000000000006bb"]]],
      ["imports",
       [["Erdos.Basic transitive imports (legacy)", "5b786c59c8c8a49f"],
        ["Erdos.Basic:importAllArts", "9501a457de8fd65b"]]]]],
    ["libs",
     [["import dynlibs", "00000000000006bb"],
      ["package external libraries", "00000000000006bb"],
      ["module dynlibs", "00000000000006bb"],
      ["module plugins", "00000000000006bb"]]]]],
  ["Lean 4.31.0, commit 68218e876d2a38b1985b8590fff244a83c321783",
   "fc45ac412f28501c"],
  ["/home/jeannaude/Documents/erdosproblems/lean/Erdos/Erdos213.lean",
   "b9e5faaa8a4a79fe"],
  ["options",
   [["-DmaxSynthPendingDepth=3", "c78e353d34de85d4"],
    ["-Dweak.linter.mathlibStandardSet=false", "28605bbdbbe35f32"],
    ["-DrelaxedAutoImplicit=false", "74a2b5546b55be80"],
    ["-Dpp.unicode.fun=true", "9b94070140457fab"]]],
  ["isModule: false", "feefd2a0d3a1847e"],
  ["Module.name: Erdos.Erdos213", "a6c5b8dc16210742"],
  ["Package.id?: (some erdos)", "4e8d1e6363f83ee8"],
  ["Module.leanArgs: #[]", "00000000000006bb"]],
 "depHash": "71d2f53caa8bc8c5"}