{"synthetic": false,
 "schemaVersion": "2025-09-10",
 "outputs":
 {"o": ["209ae7c2cf06ca0d.olean"],
  "m": false,
  "i": "04e640ec34cef4eb.ilean",
  "c": "291cb3b3b6d5d276.c"},
 "log":
 [{"message":
   ".> LEAN_PATH=/home/jeannaude/Documents/erdosproblems/634/erdos634/.lake/packages/Cli/.lake/build/lib/lean:/home/jeannaude/Documents/erdosproblems/634/erdos634/.lake/packages/batteries/.lake/build/lib/lean:/home/jeannaude/Documents/erdosproblems/634/erdos634/.lake/packages/Qq/.lake/build/lib/lean:/home/jeannaude/Documents/erdosproblems/634/erdos634/.lake/packages/aesop/.lake/build/lib/lean:/home/jeannaude/Documents/erdosproblems/634/erdos634/.lake/packages/proofwidgets/.lake/build/lib/lean:/home/jeannaude/Documents/erdosproblems/634/erdos634/.lake/packages/importGraph/.lake/build/lib/lean:/home/jeannaude/Documents/erdosproblems/634/erdos634/.lake/packages/LeanSearchClient/.lake/build/lib/lean:/home/jeannaude/Documents/erdosproblems/634/erdos634/.lake/packages/plausible/.lake/build/lib/lean:/home/jeannaude/Documents/erdosproblems/634/erdos634/.lake/packages/mathlib/.lake/build/lib/lean:/home/jeannaude/Documents/erdosproblems/lean/.lake/build/lib/lean /home/jeannaude/.elan/toolchains/leanprover--lean4---v4.31.0/bin/lean /home/jeannaude/Documents/erdosproblems/lean/Erdos.lean -o /home/jeannaude/Documents/erdosproblems/lean/.lake/build/lib/lean/Erdos.olean -i /home/jeannaude/Documents/erdosproblems/lean/.lake/build/lib/lean/Erdos.ilean -c /home/jeannaude/Documents/erdosproblems/lean/.lake/build/ir/Erdos.c --setup /home/jeannaude/Documents/erdosproblems/lean/.lake/build/ir/Erdos.setup.json --json",
   "level": "trace"}],
 "inputs":
 [["Erdos:deps",
   [["deps",
     [["erdos/Erdos:extraDep", [["@erdos:extraDep", "00000000000006bb"]]],
      ["imports",
       [["Erdos.Basic transitive imports (legacy)", "5b786c59c8c8a49f"],
        ["Erdos.Basic:importAllArts", "9501a457de8fd65b"],
        ["Erdos.Erdos4 transitive imports (legacy)", "a7c3d2df7ba4971a"],
        ["Erdos.Erdos4:importAllArts", "4c25ed5852c7a511"],
        ["Erdos.Erdos33 transitive imports (legacy)", "a7c3d2df7ba4971a"],
        ["Erdos.Erdos33:importAllArts", "92d889c7a2e727b3"],
        ["Erdos.Erdos51 transitive imports (legacy)", "a7c3d2df7ba4971a"],
        ["Erdos.Erdos51:importAllArts", "e1afa8f2cf9eaabf"],
        ["Erdos.Erdos52 transitive imports (legacy)", "a7c3d2df7ba4971a"],
        ["Erdos.Erdos52:importAllArts", "055f34e31f5d88f5"],
        ["Erdos.Erdos60 transitive imports (legacy)", "a7c3d2df7ba4971a"],
        ["Erdos.Erdos60:importAllArts", "043f94cc8076a98b"],
        ["Erdos.Erdos69 transitive imports (legacy)", "a7c3d2df7ba4971a"],
        ["Erdos.Erdos69:importAllArts", "23486281b4033087"],
        ["Erdos.Erdos71 transitive imports (legacy)", "a7c3d2df7ba4971a"],
        ["Erdos.Erdos71:importAllArts", "da4acf75a149c078"],
        ["Erdos.Erdos72 transitive imports (legacy)", "a7c3d2df7ba4971a"],
        ["Erdos.Erdos72:importAllArts", "04629205f125f650"],
        ["Erdos.Erdos73 transitive imports (legacy)", "a7c3d2df7ba4971a"],
        ["Erdos.Erdos73:importAllArts", "976c48210652ba11"],
        ["Erdos.Erdos86 transitive imports (legacy)", "a7c3d2df7ba4971a"],
        ["Erdos.Erdos86:importAllArts", "1f1f98d524753c65"],
        ["Erdos.Erdos100 transitive imports (legacy)", "a7c3d2df7ba4971a"],
        ["Erdos.Erdos100:importAllArts", "48d8ccdffa3adda7"],
        ["Erdos.Erdos116 transitive imports (legacy)", "a7c3d2df7ba4971a"],
        ["Erdos.Erdos116:importAllArts", "9a8dd3f6c9edb39e"],
        ["Erdos.Erdos135 transitive imports (legacy)", "a7c3d2df7ba4971a"],
        ["Erdos.Erdos135:importAllArts", "2b6013fe4d35b74c"],
        ["Erdos.Erdos150 transitive imports (legacy)", "a7c3d2df7ba4971a"],
        ["Erdos.Erdos150:importAllArts", "d9150e57ea9f92d8"],
        ["Erdos.Erdos162 transitive imports (legacy)", "a7c3d2df7ba4971a"],
        ["Erdos.Erdos162:importAllArts", "fdd1679bcd0517ee"],
        ["Erdos.Erdos176 transitive imports (legacy)", "a7c3d2df7ba4971a"],
        ["Erdos.Erdos176:importAllArts", "0a7a7e8a159d7abc"],
        ["Erdos.Erdos195 transitive imports (legacy)", "a7c3d2df7ba4971a"],
        ["Erdos.Erdos195:importAllArts", "ab108b683ed09524"],
        ["Erdos.Erdos197 transitive imports (legacy)", "a7c3d2df7ba4971a"],
        ["Erdos.Erdos197:importAllArts", "268368fd212a45d5"],
        ["Erdos.Erdos213 transitive imports (legacy)", "a7c3d2df7ba4971a"],
        ["Erdos.Erdos213:importAllArts", "13062229811d96ba"],
        ["Erdos.Erdos244 transitive imports (legacy)", "a7c3d2df7ba4971a"],
        ["Erdos.Erdos244:importAllArts", "a04cb87af1f706a9"],
        ["Erdos.Erdos250 transitive imports (legacy)", "a7c3d2df7ba4971a"],
        ["Erdos.Erdos250:importAllArts", "ab69e300a6a63f65"],
        ["Erdos.Erdos342 transitive imports (legacy)", "a7c3d2df7ba4971a"],
        ["Erdos.Erdos342:importAllArts", "f6aa622f3001f4f0"],
        ["Erdos.Erdos389 transitive imports (legacy)", "a7c3d2df7ba4971a"],
        ["Erdos.Erdos389:importAllArts", "9e2c2bd21bad5a29"],
        ["Erdos.Erdos396 transitive imports (legacy)", "a7c3d2df7ba4971a"],
        ["Erdos.Erdos396:importAllArts", "175d08110ed66006"],
        ["Erdos.Erdos441 transitive imports (legacy)", "a7c3d2df7ba4971a"],
        ["Erdos.Erdos441:importAllArts", "b7f5467c5cfb1765"],
        ["Erdos.Erdos519 transitive imports (legacy)", "a7c3d2df7ba4971a"],
        ["Erdos.Erdos519:importAllArts", "d1b6bb2634d9d2e6"],
        ["Erdos.Erdos548 transitive imports (legacy)", "a7c3d2df7ba4971a"],
        ["Erdos.Erdos548:importAllArts", "ad98be070febe50e"],
        ["Erdos.Erdos632 transitive imports (legacy)", "a7c3d2df7ba4971a"],
        ["Erdos.Erdos632:importAllArts", "c42a413e8594e4a3"],
        ["Erdos.Erdos727 transitive imports (legacy)", "a7c3d2df7ba4971a"],
        ["Erdos.Erdos727:importAllArts", "49c58c1916a9fa3f"],
        ["Erdos.Erdos458 transitive imports (legacy)", "ce62aa4b4848c2d4"],
        ["Erdos.Erdos458:importAllArts", "031cd3a67d44f02a"],
        ["Erdos.Audit transitive imports (legacy)", "cfdba82dd42bc8a6"],
        ["Erdos.Audit:importAllArts", "da43f1033e757b0d"]]]]],
    ["libs",
     [["import dynlibs", "00000000000006bb"],
      ["package external libraries", "00000000000006bb"],
      ["module dynlibs", "00000000000006bb"],
      ["module plugins", "00000000000006bb"]]]]],
  ["Lean 4.31.0, commit 68218e876d2a38b1985b8590fff244a83c321783",
   "fc45ac412f28501c"],
  ["/home/jeannaude/Documents/erdosproblems/lean/Erdos.lean",
   "c51ddf5cfdd9015b"],
  ["options",
   [["-DmaxSynthPendingDepth=3", "c78e353d34de85d4"],
    ["-Dweak.linter.mathlibStandardSet=false", "28605bbdbbe35f32"],
    ["-DrelaxedAutoImplicit=false", "74a2b5546b55be80"],
    ["-Dpp.unicode.fun=true", "9b94070140457fab"]]],
  ["isModule: false", "feefd2a0d3a1847e"],
  ["Module.name: Erdos", "8af4516da5eca5f8"],
  ["Package.id?: (some erdos)", "4e8d1e6363f83ee8"],
  ["Module.leanArgs: #[]", "00000000000006bb"]],
 "depHash": "889e0e1799af6dae"}